// Jest Snapshot v1, https://goo.gl/fbAQLP

exports[`<Recipe /> matches the snapshot 1`] = `
<ContextConsumer>
  <Component />
</ContextConsumer>
`;
