// Jest Snapshot v1, https://goo.gl/fbAQLP

exports[`<App /> matches the snapshot 1`] = `
<h1>
  Welcome to Naija Chop Chop
</h1>
`;
